{
    "noArguments": "Function: anonymous function",
    "oneArgument": "Function: anonymous function"
}
